c:\users\yinling.wu\desktop\库平台库编译\socketserver\project\vs2022\socketserver\socketserver\x64\release\vc143.pdb
c:\users\yinling.wu\desktop\库平台库编译\socketserver\project\vs2022\socketserver\socketserver\x64\release\thread.obj
c:\users\yinling.wu\desktop\库平台库编译\socketserver\project\vs2022\socketserver\socketserver\x64\release\tcpsockserverobj.obj
c:\users\yinling.wu\desktop\库平台库编译\socketserver\project\vs2022\socketserver\socketserver\x64\release\socketserver.obj
c:\users\yinling.wu\desktop\库平台库编译\socketserver\project\vs2022\socketserver\socketserver\x64\release\publicglobalvar.obj
c:\users\yinling.wu\desktop\库平台库编译\socketserver\project\vs2022\socketserver\socketserver\x64\release\log.obj
c:\users\yinling.wu\desktop\库平台库编译\socketserver\project\vs2022\socketserver\socketserver\x64\release\tcpserverlisternet.obj
c:\users\yinling.wu\desktop\库平台库编译\socketserver\project\vs2022\socketserver\socketserver\x64\release\publicfunc.obj
c:\users\yinling.wu\desktop\库平台库编译\socketserver\project\vs2022\socketserver\lib\x64\libsocketserver.dll
c:\users\yinling.wu\desktop\库平台库编译\socketserver\project\vs2022\socketserver\lib\x64\libsocketserver.pdb
c:\users\yinling.wu\desktop\库平台库编译\socketserver\project\vs2022\socketserver\socketserver\x64\release\socketserver.res
c:\users\yinling.wu\desktop\库平台库编译\socketserver\project\vs2022\socketserver\lib\x64\libsocketserver.lib
c:\users\yinling.wu\desktop\库平台库编译\socketserver\project\vs2022\socketserver\lib\x64\libsocketserver.exp
c:\users\yinling.wu\desktop\库平台库编译\socketserver\project\vs2022\socketserver\socketserver\x64\release\libsocketserver.ipdb
c:\users\yinling.wu\desktop\库平台库编译\socketserver\project\vs2022\socketserver\socketserver\x64\release\libsocketserver.iobj
c:\users\yinling.wu\desktop\库平台库编译\socketserver\project\vs2022\socketserver\\lib\x64\libsocketserver.pdb
c:\users\yinling.wu\desktop\库平台库编译\socketserver\project\vs2022\socketserver\socketserver\x64\release\socketserver.tlog\cl.command.1.tlog
c:\users\yinling.wu\desktop\库平台库编译\socketserver\project\vs2022\socketserver\socketserver\x64\release\socketserver.tlog\cl.items.tlog
c:\users\yinling.wu\desktop\库平台库编译\socketserver\project\vs2022\socketserver\socketserver\x64\release\socketserver.tlog\cl.read.1.tlog
c:\users\yinling.wu\desktop\库平台库编译\socketserver\project\vs2022\socketserver\socketserver\x64\release\socketserver.tlog\cl.write.1.tlog
c:\users\yinling.wu\desktop\库平台库编译\socketserver\project\vs2022\socketserver\socketserver\x64\release\socketserver.tlog\link.command.1.tlog
c:\users\yinling.wu\desktop\库平台库编译\socketserver\project\vs2022\socketserver\socketserver\x64\release\socketserver.tlog\link.read.1.tlog
c:\users\yinling.wu\desktop\库平台库编译\socketserver\project\vs2022\socketserver\socketserver\x64\release\socketserver.tlog\link.secondary.1.tlog
c:\users\yinling.wu\desktop\库平台库编译\socketserver\project\vs2022\socketserver\socketserver\x64\release\socketserver.tlog\link.write.1.tlog
c:\users\yinling.wu\desktop\库平台库编译\socketserver\project\vs2022\socketserver\socketserver\x64\release\socketserver.tlog\rc.command.1.tlog
c:\users\yinling.wu\desktop\库平台库编译\socketserver\project\vs2022\socketserver\socketserver\x64\release\socketserver.tlog\rc.read.1.tlog
c:\users\yinling.wu\desktop\库平台库编译\socketserver\project\vs2022\socketserver\socketserver\x64\release\socketserver.tlog\rc.write.1.tlog
